42 mutants in 7 batches
## batch 0: ['WDoorTerm-M1', 'WDoorTerm-M5', 'WDoorTerm-M8', 'WDoorTerm-M10', 'WDoorTerm-M12', 'WDoorTerm-M13', 'WAttachDirect-M0', 'WAttachDirect-M5', 'WAttachDirect-M7', 'WAttachDirect-M8', 'WAttachDirect-M9', 'WAttachDirect-M11', 'WResume-K1', 'WResume-K2', 'WResume-W1', 'WResume-W2', 'WResume-W3', 'WResume-W4', 'WResume-W5', 'WResume-W6', 'WHeart-M4', 'WPeer-M4']
WDoorTerm-M1 KILLED crates/roost-worker/src/local_terminal/grants.rs -> ['local_terminal_socket']::['a_hello_whose_secret_does_not_match_is_closed_and_registers_nothing']
WDoorTerm-M5 KILLED crates/roost-worker/src/local_door.rs -> ['local_terminal_prehello']::['caps_and_expires_loopback_sockets_awaiting_hello']
WDoorTerm-M8 SURVIVED crates/roost-worker/src/local_terminal/authority.rs -> ['local_terminal_socket_input']::input_takes_the_real_write_path_and_reports_its_outcome_per_session
WDoorTerm-M10 KILLED crates/roost-worker/src/local_terminal/hello.rs -> ['local_terminal_peer_socket']::['loopback_rejects_a_peer_shaped_hello_instead_of_accepting_old_compatibility']
WDoorTerm-M12 SURVIVED crates/roost-worker/src/scrollback_read.rs -> ['local_terminal_scrollback']::post_read_authority_loss_suppresses_the_direct_scrollback_page
WDoorTerm-M13 KILLED crates/roost-worker/src/runtime/downstream/local_grants.rs -> ['link_downstream_local_grant']::['an_accepted_install_is_acknowledged_with_its_grant_id']
WAttachDirect-M0 KILLED crates/roost-worker/src/attachments/direct_hello.rs -> ['attachment_direct_socket']::['a_replayed_grant_cannot_admit_a_second_carrier_or_disturb_the_admitted_upload']
WAttachDirect-M5 KILLED crates/roost-worker/src/attachments/peer_packet_port.rs -> ['attachment_peer_port']::['the_data_channel_is_closed_to_a_peer_that_was_never_admitted']
WAttachDirect-M7 KILLED crates/roost-worker/src/attachments/peer_negotiation.rs -> ['attachment_peer_owner']::['attachment_peer_failure_leaves_the_terminal_peer_established']
WAttachDirect-M8 KILLED crates/roost-worker/src/attachments/peer_budget.rs -> ['--lib']::['attachments::peer_budget::tests::the_worker_wide_data_ceiling_refuses_a_peer_that_its_own_lane_would_admit']
WAttachDirect-M9 KILLED crates/roost-protocol/src/attachment_transfer/packets.rs -> ['attachment_transfer_packets']::['rejects_terminal_magic_wrong_versions_malformed_order_and_frames_above_one_mib']
WAttachDirect-M11 KILLED crates/roost-worker/src/runtime/downstream/attachment_peer.rs -> ['link_downstream_attachment_peer']::['attachment_controls_emit_a_typed_answer_and_error_and_route_the_cancel']
WResume-K1 KILLED crates/roost-keeper/src/client_history.rs -> ['keeper_queries']::['pre_boundary_output_is_dropped_exactly_once']
WResume-K2 KILLED crates/roost-keeper/src/channel_history.rs -> ['channel_history']::['an_evicted_marker_becomes_the_base_geometry']
WResume-W1 KILLED crates/roost-worker/src/keeper_pool/pool_lifecycle.rs -> ['keeper_pool_channels']::['a_lost_keeper_ends_every_channel_exactly_once']
WResume-W2 KILLED crates/roost-worker/src/session/respawn_replace.rs -> ['boot_adoption_gate']::['respawning_a_held_session_kills_the_pty_it_replaces']
WResume-W3 KILLED crates/roost-worker/src/boot_keeper.rs -> ['boot_keeper']::['a_compatible_survivor_is_adopted_even_off_the_exact_target']
WResume-W4 KILLED crates/roost-worker/src/runtime/reconcile_gate.rs -> ['reconcile_gate']::['a_degraded_keeper_restarts_only_past_the_grace_window_and_within_budget']
WResume-W5 KILLED crates/roost-worker/src/terminal_pipeline/mod.rs -> ['terminal_pipeline_bounds']::['keeper_facts_count_and_age_each_pending_resize']
WResume-W6 KILLED crates/roost-worker/src/session/resume.rs -> ['session_resume_teardown', 'session_adoption']::['a_forced_post_reattach_rejection_kills_the_adopted_keeper_channel', 'a_channel_list_that_cannot_be_read_refuses_with_the_keeper_s_reason', 'a_survivor_whose_replay_does_not_converge_on_the_keepers_geometry_is_refused']
WHeart-M4 KILLED crates/roost-worker/src/runtime/heartbeat.rs -> ['heartbeat']::['counts_one_miss_per_settlement_resets_on_success_and_isolates_instances']
WPeer-M4 SURVIVED crates/roost-worker/src/peer/history_reservation.rs -> ['terminal_peer_owner', 'terminal_peer_packet_port', 'terminal_peer_offer_faults', 'terminal_peer_packet_ingress', 'link_downstream_direct', 'direct_terminal']::*
## batch 1: ['WDoorTerm-M2', 'WDoorTerm-M7', 'WDoorTerm-M9', 'WDoorTerm-M11', 'WAttachDirect-M1', 'WAttachDirect-M6', 'WAttachDirect-M10', 'WResume-K3', 'WPeer-M3']
WDoorTerm-M2 KILLED crates/roost-worker/src/local_terminal/sockets.rs -> ['local_terminal_socket']::['any_frame_before_the_hello_closes_the_socket']
WDoorTerm-M7 KILLED crates/roost-worker/src/local_terminal/grants.rs -> ['local_terminal_grants']::['renewal_grows_in_place_reports_scope_reduction_and_actively_expires']
WDoorTerm-M9 KILLED crates/roost-worker/src/local_terminal/delivery.rs -> ['local_terminal_socket_input']::['a_written_batch_whose_answer_is_lost_is_ambiguous']
WDoorTerm-M11 KILLED crates/roost-worker/src/local_terminal/authority.rs -> ['local_terminal_peer_socket']::['peer_hello_matches_the_offer_tuple_before_it_becomes_authenticated']
WAttachDirect-M1 KILLED crates/roost-worker/src/attachments/direct_sockets.rs -> ['attachment_direct_socket']::['an_admitted_upload_frees_its_pre_hello_slot_for_the_next_loopback_socket']
WAttachDirect-M6 KILLED crates/roost-worker/src/attachments/peer_packet_port.rs -> ['attachment_peer_port']::['an_unadmitted_peer_is_retired_at_the_hello_deadline']
WAttachDirect-M10 KILLED crates/roost-worker/src/attachments/peer_request_validation.rs -> ['--lib']::['attachments::peer_request_validation::tests::refuses_an_unversioned_peer_an_empty_or_oversized_id_and_control_characters']
WResume-K3 KILLED crates/roost-keeper/src/keeper_ops.rs -> ['keeper_queries']::['the_ordered_history_is_the_resize_the_keeper_recorded']
WPeer-M3 KILLED crates/roost-worker/src/peer/packet_budget.rs -> ['terminal_peer_owner', 'terminal_peer_packet_port', 'terminal_peer_offer_faults', 'terminal_peer_packet_ingress', 'link_downstream_direct', 'direct_terminal']::['retires_a_history_holder_instead_of_the_healthy_terminal_sender_under_worker_pressure']
## batch 2: ['WDoorTerm-M3', 'WAttachDirect-M2', 'WPeer-M6']
WDoorTerm-M3 KILLED crates/roost-worker/src/local_terminal/sockets.rs -> ['local_terminal_socket']::['revoking_the_device_closes_its_socket']
WAttachDirect-M2 KILLED crates/roost-worker/src/attachments/direct_sockets.rs -> ['attachment_direct_socket']::['explicit_device_revocation_closes_a_leased_port_after_grant_expiry']
WPeer-M6 KILLED crates/roost-worker/src/peer/owner_offer.rs -> ['terminal_peer_owner', 'terminal_peer_packet_port', 'terminal_peer_offer_faults', 'terminal_peer_packet_ingress', 'link_downstream_direct', 'direct_terminal']::['every_offer_fault_fires_once_at_its_owner_boundary']
## batch 3: ['WDoorTerm-M6', 'WAttachDirect-M3', 'WPeer-M7']
WDoorTerm-M6 KILLED crates/roost-worker/src/local_door.rs -> ['local_terminal_socket']::['a_socket_that_never_says_hello_is_closed_at_the_deadline']
WAttachDirect-M3 KILLED crates/roost-worker/src/attachments/direct_chunks.rs -> ['attachment_direct_socket']::['writes_exact_bytes_then_acks_each_chunk_and_returns_the_committed_path']
WPeer-M7 KILLED crates/roost-worker/src/peer/packet_lanes.rs -> ['terminal_peer_owner', 'terminal_peer_packet_port', 'terminal_peer_offer_faults', 'terminal_peer_packet_ingress', 'link_downstream_direct', 'direct_terminal']::['refuses_non_control_client_data_before_it_can_reach_a_terminal_ingress']
## batch 4: ['WDoorTerm-M8b', 'WAttachDirect-M4', 'WPeer-M17']
WDoorTerm-M8b SURVIVED crates/roost-worker/src/local_terminal/authority.rs -> ['local_terminal_socket']::a_view_for_a_session_outside_the_grant_is_refused
WAttachDirect-M4 KILLED crates/roost-worker/src/attachments/direct_hello.rs -> ['attachment_direct_socket']::['a_loopback_socket_that_never_says_hello_is_refused_at_the_deadline']
WPeer-M17 SURVIVED crates/roost-worker/src/peer/coordinator_generation.rs -> ['terminal_peer_owner', 'terminal_peer_packet_port', 'terminal_peer_offer_faults', 'terminal_peer_packet_ingress', 'link_downstream_direct', 'direct_terminal']::*
## batch 5: ['WDoorTerm-M14']
WDoorTerm-M14 KILLED crates/roost-worker/src/session/table.rs -> ['local_terminal_socket']::['a_granted_socket_receives_cells_for_its_view']
## batch 6: ['WDoorTerm-M15']
WDoorTerm-M15 KILLED crates/roost-worker/src/local_terminal/delivery.rs -> ['local_terminal_socket']::['a_socket_that_stops_draining_is_dropped_alone']
## done
