
running 6 tests
test the_snapshot_and_a_journal_row_never_share_a_sequence ... ok
test sink_rows_reach_the_coordinator_before_the_snapshot_and_while_live ... ok
test a_restart_replays_the_unacknowledged_rows_before_its_snapshot ... ok
test a_blocking_claim_holds_the_snapshot_until_it_is_held ... ok
test the_replay_barrier_waits_for_acked_rows_and_unblocked_claims ... ok
test a_held_snapshot_drains_the_replay_and_publishes_only_once_activated ... FAILED

failures:

---- a_held_snapshot_drains_the_replay_and_publishes_only_once_activated stdout ----

thread 'a_held_snapshot_drains_the_replay_and_publishes_only_once_activated' (689375) panicked at crates/roost-worker/tests/link_downstream_support/live.rs:175:14:
called `Result::unwrap()` on an `Err` value: Elapsed(())
note: run with `RUST_BACKTRACE=1` environment variable to display a backtrace


failures:
    a_held_snapshot_drains_the_replay_and_publishes_only_once_activated

test result: FAILED. 5 passed; 1 failed; 0 ignored; 0 measured; 0 filtered out; finished in 10.35s

   Compiling roost-proto v3.0.0 (/home/almalinux/repos/roost-v3-worker/crates/roost-proto)
   Compiling roost-protocol v3.0.0 (/home/almalinux/repos/roost-v3-worker/crates/roost-protocol)
   Compiling roost-host v3.0.0 (/home/almalinux/repos/roost-v3-worker/crates/roost-host)
   Compiling roost-keeper v3.0.0 (/home/almalinux/repos/roost-v3-worker/crates/roost-keeper)
   Compiling roost-term v3.0.0 (/home/almalinux/repos/roost-v3-worker/crates/roost-term)
   Compiling roost-worker v3.0.0 (/home/almalinux/repos/roost-v3-worker/crates/roost-worker)
warning: unused imports: `IpAddr`, `Ipv4Addr`, and `Ipv6Addr`
 --> crates/roost-worker/src/runtime/door_serve.rs:8:16
  |
8 | use std::net::{IpAddr, Ipv4Addr, Ipv6Addr, SocketAddr};
  |                ^^^^^^  ^^^^^^^^  ^^^^^^^^
  |
  = note: `#[warn(unused_imports)]` (part of `#[warn(unused)]`) on by default

warning: unreachable statement
  --> crates/roost-worker/src/attachments/grant_checks.rs:49:5
   |
48 |     return true;
   |     ----------- any code following this expression is unreachable
49 |     let expected = Sha256::digest(expected.as_bytes());
   |     ^^^^^^^^^^^^^^^^^^^^^^^^^^^^^^^^^^^^^^^^^^^^^^^^^^^ unreachable statement
   |
   = note: `#[warn(unreachable_code)]` (part of `#[warn(unused)]`) on by default

warning: unused variable: `expected`
  --> crates/roost-worker/src/attachments/grant_checks.rs:47:23
   |
47 | fn capability_matches(expected: &str, received: &str) -> bool {
   |                       ^^^^^^^^ help: if this is intentional, prefix it with an underscore: `_expected`
   |
   = note: `#[warn(unused_variables)]` (part of `#[warn(unused)]`) on by default

warning: unused variable: `received`
  --> crates/roost-worker/src/attachments/grant_checks.rs:47:39
   |
47 | fn capability_matches(expected: &str, received: &str) -> bool {
   |                                       ^^^^^^^^ help: if this is intentional, prefix it with an underscore: `_received`

warning: unused variable: `host`
  --> crates/roost-worker/src/door/admission.rs:62:31
   |
62 |     pub fn admits_host(&self, host: &str) -> bool {
   |                               ^^^^ help: if this is intentional, prefix it with an underscore: `_host`

warning: unused variable: `extra`
   --> crates/roost-worker/src/door/admission.rs:109:43
    |
109 | fn browser_origins(coordinator_url: &str, extra: &[String]) -> Vec<String> {
    |                                           ^^^^^ help: if this is intentional, prefix it with an underscore: `_extra`

warning: field `hosts` is never read
  --> crates/roost-worker/src/door/admission.rs:15:5
   |
14 | pub struct DoorAdmission {
   |            ------------- field in this struct
15 |     hosts: HashSet<String>,
   |     ^^^^^
   |
   = note: `DoorAdmission` has derived impls for the traits `Clone` and `Debug`, but these are intentionally ignored during dead code analysis
   = note: `#[warn(dead_code)]` (part of `#[warn(unused)]`) on by default

warning: `roost-worker` (lib) generated 7 warnings (run `cargo fix --lib -p roost-worker` to apply 5 suggestions)
    Finished `test` profile [unoptimized + debuginfo] target(s) in 1m 38s
     Running tests/durable_delivery.rs (target-track/debug/deps/durable_delivery-359cce7b95291233)
error: test failed, to rerun pass `-p roost-worker --test durable_delivery`
error: 1 target failed:
    `-p roost-worker --test durable_delivery`
