
running 6 tests
test the_final_deadline_connection_and_refreshed_process_proof_all_gate_the_write ... ok
test a_queued_ticket_drains_when_the_initial_process_proof_is_rejected ... ok
test a_stale_revision_a_replaced_occupant_and_a_closed_session_reject_after_queueing ... ok
test a_stalled_final_scan_is_aborted_and_input_released_at_budget_expiry ... ok
test blocked_and_screen_only_status_reject_without_a_process_refresh ... FAILED
test a_prompt_reserves_its_receive_order_before_the_initial_scan_settles ... ok

failures:

---- blocked_and_screen_only_status_reject_without_a_process_refresh stdout ----

thread 'blocked_and_screen_only_status_reject_without_a_process_refresh' (674119) panicked at crates/roost-worker/tests/agent_prompt_fences.rs:75:9:
assertion `left == right` failed
  left: Accepted { written_bytes: 9 }
 right: Rejected { reason: "agent is blocked" }
note: run with `RUST_BACKTRACE=1` environment variable to display a backtrace


failures:
    blocked_and_screen_only_status_reject_without_a_process_refresh

test result: FAILED. 5 passed; 1 failed; 0 ignored; 0 measured; 0 filtered out; finished in 0.31s


running 4 tests
test a_refused_boot_pass_leaves_the_snapshot_held ... ok
test a_disposed_link_refuses_the_boot_pass_without_a_read ... ok
test a_reference_reporter_queued_during_a_pass_enters_only_after_it ... FAILED
test the_boot_pass_reads_only_after_the_replay_and_the_snapshot_only_follows_the_pass ... ok

failures:

---- a_reference_reporter_queued_during_a_pass_enters_only_after_it stdout ----

thread 'a_reference_reporter_queued_during_a_pass_enters_only_after_it' (674132) panicked at crates/roost-worker/tests/boot_admission.rs:213:5:
a reporter entered mid-pass
note: run with `RUST_BACKTRACE=1` environment variable to display a backtrace


failures:
    a_reference_reporter_queued_during_a_pass_enters_only_after_it

test result: FAILED. 3 passed; 1 failed; 0 ignored; 0 measured; 0 filtered out; finished in 0.41s


running 6 tests
test a_restart_replays_the_unacknowledged_rows_before_its_snapshot ... ok
test sink_rows_reach_the_coordinator_before_the_snapshot_and_while_live ... ok
test the_snapshot_and_a_journal_row_never_share_a_sequence ... ok
test a_blocking_claim_holds_the_snapshot_until_it_is_held ... ok
test a_held_snapshot_drains_the_replay_and_publishes_only_once_activated ... ok
test the_replay_barrier_waits_for_acked_rows_and_unblocked_claims ... ok

test result: ok. 6 passed; 0 failed; 0 ignored; 0 measured; 0 filtered out; finished in 0.66s

   Compiling roost-proto v3.0.0 (/home/almalinux/repos/roost-v3-worker/crates/roost-proto)
   Compiling roost-protocol v3.0.0 (/home/almalinux/repos/roost-v3-worker/crates/roost-protocol)
   Compiling roost-host v3.0.0 (/home/almalinux/repos/roost-v3-worker/crates/roost-host)
   Compiling roost-keeper v3.0.0 (/home/almalinux/repos/roost-v3-worker/crates/roost-keeper)
   Compiling roost-term v3.0.0 (/home/almalinux/repos/roost-v3-worker/crates/roost-term)
   Compiling roost-worker v3.0.0 (/home/almalinux/repos/roost-v3-worker/crates/roost-worker)
warning: unused imports: `IpAddr`, `Ipv4Addr`, and `Ipv6Addr`
 --> crates/roost-worker/src/runtime/door_serve.rs:8:16
  |
8 | use std::net::{IpAddr, Ipv4Addr, Ipv6Addr, SocketAddr};
  |                ^^^^^^  ^^^^^^^^  ^^^^^^^^
  |
  = note: `#[warn(unused_imports)]` (part of `#[warn(unused)]`) on by default

warning: unreachable statement
  --> crates/roost-worker/src/attachments/grant_checks.rs:49:5
   |
48 |     return true;
   |     ----------- any code following this expression is unreachable
49 |     let expected = Sha256::digest(expected.as_bytes());
   |     ^^^^^^^^^^^^^^^^^^^^^^^^^^^^^^^^^^^^^^^^^^^^^^^^^^^ unreachable statement
   |
   = note: `#[warn(unreachable_code)]` (part of `#[warn(unused)]`) on by default

warning: unused variable: `expected`
  --> crates/roost-worker/src/attachments/grant_checks.rs:47:23
   |
47 | fn capability_matches(expected: &str, received: &str) -> bool {
   |                       ^^^^^^^^ help: if this is intentional, prefix it with an underscore: `_expected`
   |
   = note: `#[warn(unused_variables)]` (part of `#[warn(unused)]`) on by default

warning: unused variable: `received`
  --> crates/roost-worker/src/attachments/grant_checks.rs:47:39
   |
47 | fn capability_matches(expected: &str, received: &str) -> bool {
   |                                       ^^^^^^^^ help: if this is intentional, prefix it with an underscore: `_received`

warning: unused variable: `host`
  --> crates/roost-worker/src/door/admission.rs:62:31
   |
62 |     pub fn admits_host(&self, host: &str) -> bool {
   |                               ^^^^ help: if this is intentional, prefix it with an underscore: `_host`

warning: unused variable: `extra`
   --> crates/roost-worker/src/door/admission.rs:109:43
    |
109 | fn browser_origins(coordinator_url: &str, extra: &[String]) -> Vec<String> {
    |                                           ^^^^^ help: if this is intentional, prefix it with an underscore: `_extra`

warning: field `hosts` is never read
  --> crates/roost-worker/src/door/admission.rs:15:5
   |
14 | pub struct DoorAdmission {
   |            ------------- field in this struct
15 |     hosts: HashSet<String>,
   |     ^^^^^
   |
   = note: `DoorAdmission` has derived impls for the traits `Clone` and `Debug`, but these are intentionally ignored during dead code analysis
   = note: `#[warn(dead_code)]` (part of `#[warn(unused)]`) on by default

warning: `roost-worker` (lib) generated 7 warnings (run `cargo fix --lib -p roost-worker` to apply 5 suggestions)
    Finished `test` profile [unoptimized + debuginfo] target(s) in 1m 38s
     Running tests/agent_prompt_fences.rs (target-track/debug/deps/agent_prompt_fences-bbdd17e70b0571d2)
error: test failed, to rerun pass `-p roost-worker --test agent_prompt_fences`
     Running tests/boot_admission.rs (target-track/debug/deps/boot_admission-289cea36c23df4f0)
error: test failed, to rerun pass `-p roost-worker --test boot_admission`
     Running tests/durable_delivery.rs (target-track/debug/deps/durable_delivery-359cce7b95291233)
error: 2 targets failed:
    `-p roost-worker --test agent_prompt_fences`
    `-p roost-worker --test boot_admission`
