   Compiling roost-proto v3.0.0 (/home/almalinux/repos/roost-v3-cli2/crates/roost-proto)
   Compiling roost-protocol v3.0.0 (/home/almalinux/repos/roost-v3-cli2/crates/roost-protocol)
   Compiling roost-host v3.0.0 (/home/almalinux/repos/roost-v3-cli2/crates/roost-host)
   Compiling roost-keeper v3.0.0 (/home/almalinux/repos/roost-v3-cli2/crates/roost-keeper)
   Compiling roost-worker v3.0.0 (/home/almalinux/repos/roost-v3-cli2/crates/roost-worker)
   Compiling roost-coord v3.0.0 (/home/almalinux/repos/roost-v3-cli2/crates/roost-coord)
   Compiling roost-cli v3.0.0 (/home/almalinux/repos/roost-v3-cli2/crates/roost-cli)
warning: unused import: `PathBuf`
  --> crates/roost-cli/src/deploy/release_fetch.rs:20:23
   |
20 | use std::path::{Path, PathBuf};
   |                       ^^^^^^^
   |
   = note: `#[warn(unused_imports)]` (part of `#[warn(unused)]`) on by default

warning: unused import: `KEEPER_PROGRAM`
  --> crates/roost-cli/src/deploy/release_fetch.rs:26:36
   |
26 | use crate::deploy::apply_release::{KEEPER_PROGRAM, RELEASE_BIN_DIR, ROOST_PROGRAM};
   |                                    ^^^^^^^^^^^^^^

warning: unused import: `crate::services::web_bundle`
  --> crates/roost-cli/src/deploy/release_fetch.rs:29:5
   |
29 | use crate::services::web_bundle;
   |     ^^^^^^^^^^^^^^^^^^^^^^^^^^^

warning: unused import: `std::process::ExitCode`
  --> crates/roost-cli/src/quickstart/web_source.rs:14:5
   |
14 | use std::process::ExitCode;
   |     ^^^^^^^^^^^^^^^^^^^^^^

warning: unused import: `roost_protocol::ProtocolError`
  --> crates/roost-cli/src/quickstart/web_source.rs:17:5
   |
17 | use roost_protocol::ProtocolError;
   |     ^^^^^^^^^^^^^^^^^^^^^^^^^^^^^

warning: unused import: `roost_host::coord_config_loader::ENV_WEB_DIST_PATH`
  --> crates/roost-cli/src/quickstart/mod.rs:41:5
   |
41 | use roost_host::coord_config_loader::ENV_WEB_DIST_PATH;
   |     ^^^^^^^^^^^^^^^^^^^^^^^^^^^^^^^^^^^^^^^^^^^^^^^^^^

warning: unused import: `roost_worker::runtime::boot::ENV_COORDINATOR_URL`
  --> crates/roost-cli/src/quickstart/mod.rs:43:5
   |
43 | use roost_worker::runtime::boot::ENV_COORDINATOR_URL;
   |     ^^^^^^^^^^^^^^^^^^^^^^^^^^^^^^^^^^^^^^^^^^^^^^^^

warning: unused import: `crate::services::service_environment::ENV_BOOTSTRAP_TOKEN`
  --> crates/roost-cli/src/quickstart/mod.rs:55:5
   |
55 | use crate::services::service_environment::ENV_BOOTSTRAP_TOKEN;
   |     ^^^^^^^^^^^^^^^^^^^^^^^^^^^^^^^^^^^^^^^^^^^^^^^^^^^^^^^^^

warning: unused import: `ServiceSpec`
  --> crates/roost-cli/src/quickstart/mod.rs:56:50
   |
56 | use crate::services::service_spec::{ServiceRole, ServiceSpec};
   |                                                  ^^^^^^^^^^^

warning: unused import: `crate::services::web_bundle::InstalledBundle`
  --> crates/roost-cli/src/update/mod.rs:39:5
   |
39 | use crate::services::web_bundle::InstalledBundle;
   |     ^^^^^^^^^^^^^^^^^^^^^^^^^^^^^^^^^^^^^^^^^^^^

warning: `roost-cli` (lib) generated 10 warnings (run `cargo fix --lib -p roost-cli` to apply 10 suggestions)
warning: unused import: `Path`
  --> crates/roost-cli/tests/quickstart_dry_run.rs:14:17
   |
14 | use std::path::{Path, PathBuf};
   |                 ^^^^
   |
   = note: `#[warn(unused_imports)]` (part of `#[warn(unused)]`) on by default

warning: unused import: `roost_cli::quickstart::endpoint::QuickstartEndpoint`
  --> crates/roost-cli/tests/quickstart_dry_run_support/mod.rs:14:5
   |
14 | use roost_cli::quickstart::endpoint::QuickstartEndpoint;
   |     ^^^^^^^^^^^^^^^^^^^^^^^^^^^^^^^^^^^^^^^^^^^^^^^^^^^

warning: unused import: `MapEnv`
  --> crates/roost-cli/tests/quickstart_dry_run.rs:26:32
   |
26 | use roost_host::{HostPlatform, MapEnv};
   |                                ^^^^^^

warning: unused import: `std::os::unix::fs::PermissionsExt`
  --> crates/roost-cli/tests/quickstart_dry_run.rs:13:5
   |
13 | use std::os::unix::fs::PermissionsExt;
   |     ^^^^^^^^^^^^^^^^^^^^^^^^^^^^^^^^^

warning: method `root` is never used
  --> crates/roost-cli/tests/quickstart_dry_run_support/mod.rs:41:12
   |
25 | impl TempMachine {
   | ---------------- method in this implementation
...
41 |     pub fn root(&self) -> &Path {
   |            ^^^^
   |
   = note: `#[warn(dead_code)]` (part of `#[warn(unused)]`) on by default

warning: `roost-cli` (test "quickstart_dry_run") generated 5 warnings (run `cargo fix --test "quickstart_dry_run" -p roost-cli` to apply 3 suggestions)
warning: unused import: `roost_cli::quickstart::endpoint::QuickstartEndpoint`
  --> crates/roost-cli/tests/quickstart_dry_run_support/mod.rs:14:5
   |
14 | use roost_cli::quickstart::endpoint::QuickstartEndpoint;
   |     ^^^^^^^^^^^^^^^^^^^^^^^^^^^^^^^^^^^^^^^^^^^^^^^^^^^
   |
   = note: `#[warn(unused_imports)]` (part of `#[warn(unused)]`) on by default

warning: unused import: `roost_cli::quickstart::endpoint::fresh_endpoint`
  --> crates/roost-cli/tests/quickstart_dry_run_support/mod.rs:15:9
   |
15 | pub use roost_cli::quickstart::endpoint::fresh_endpoint;
   |         ^^^^^^^^^^^^^^^^^^^^^^^^^^^^^^^^^^^^^^^^^^^^^^^

warning: `roost-cli` (test "quickstart_web_bundle") generated 2 warnings (run `cargo fix --test "quickstart_web_bundle" -p roost-cli` to apply 2 suggestions)
warning: `roost-cli` (lib test) generated 10 warnings (10 duplicates)
    Finished `test` profile [unoptimized + debuginfo] target(s) in 2m 35s
     Running unittests src/lib.rs (target-track/debug/deps/roost_cli-e1e6178a1c2f368b)

running 112 tests
test api::agent_projection::tests::a_non_finite_timestamp_is_refused_rather_than_serialised_as_null ... ok
test api::agent_projection::tests::a_control_character_is_escaped_rather_than_printed ... ok
test api::agent_prompt::tests::a_refusal_names_the_verb_so_a_reader_kees_which_command_answered ... ok
test api::agent_projection::tests::a_revision_a_json_reader_would_round_is_refused_not_rounded ... ok
test api::agent_projection::tests::a_row_keeps_its_column_count_when_a_message_contains_delimiters ... ok
test api::credentials::tests::an_unset_or_cleared_bearer_is_absent_rather_than_empty ... ok
test api::agent_prompt::tests::every_generated_rejection_and_wait_outcome_has_one_published_name ... ok
test api::device::tests::a_refusal_names_the_host_it_would_have_accepted ... ok
test api::scrollback::tests::two_sessions_uploading_the_same_name_do_not_collide ... ok
test api::scrollback::tests::the_same_upload_names_the_same_identity_so_a_rerun_resumes ... ok
test api::scrollback::tests::two_uploads_of_different_files_never_share_an_identity ... ok
test api::sessions::tests::an_escape_a_shell_would_have_eaten_reaches_the_terminal ... ok
test api::sessions::tests::an_unrecognised_escape_stays_two_characters_rather_than_being_swallowed ... ok
test api::tasks::tests::a_payload_too_long_for_a_row_is_elided_rather_than_wrapped ... ok
test api::tasks::tests::a_pretty_printed_payload_still_occupies_one_row ... ok
test api::agent_prompt::tests::an_accepted_write_wrote_bytes_and_a_rejected_one_wrote_none ... ok
test api::verbs::parse::tests::a_count_option_refuses_a_word_instead_of_defaulting ... ok
test api::agent_prompt::tests::an_outcome_this_build_does_not_know_is_refused_not_guessed ... ok
test api::verbs::parse::tests::a_verb_with_a_required_positional_refuses_a_missing_one ... ok
test api::verbs::parse::tests::a_repeated_option_is_refused_rather_than_last_one_wins ... ok
test api::agents::tests::a_wait_names_states_the_protocol_defines_and_nothing_else ... ok
test api::agents::tests::a_timeout_is_read_at_the_protocols_own_bounds ... ok
test api::verbs::parse::tests::a_required_option_is_refused_by_name ... ok
test api::credentials::tests::an_enrolled_bearer_is_read_from_the_environment ... ok
test api::verbs::parse::tests::a_trailing_value_typed_as_several_words_joins_into_one ... ok
test api::agent_projection::tests::an_absent_optional_reads_as_a_dash_and_not_an_empty_cell ... ok
test api::verbs::parse::tests::a_verb_with_no_positional_refuses_one ... ok
test api::verbs::parse::tests::an_option_the_row_does_not_declare_is_refused_by_name ... ok
test api::verbs::parse::tests::both_option_dialects_are_the_same_operator_intent ... ok
test api::verbs::parse::tests::an_option_value_is_never_read_as_a_positional ... ok
test api::verbs::table::tests::no_two_verbs_share_a_name ... ok
test dev::signal::tests::a_pid_kill_would_read_as_a_group_or_as_everyone_is_refused_before_anything_is_sent ... ok
test api::verbs::table::tests::an_unknown_verb_is_a_usage_failure_that_lists_what_exists ... ok
test api::verbs::table::tests::every_row_is_reachable_by_exactly_its_own_name ... ok
test doctor::digest::tests::a_capture_fault_is_an_anomaly_not_an_operator_signal ... ok
test command_error::tests::a_failure_keeps_the_code_it_was_given ... ok
test command_error::tests::the_reserved_codes_are_distinct ... ok
test doctor::digest::tests::a_warning_becomes_one_infra_key_not_a_signal ... ok
test doctor::digest::tests::an_operator_caused_signal_is_counted_but_is_not_an_error ... ok
test doctor::digest::tests::a_signal_groups_by_kind_and_keeps_its_scope ... ok
test doctor::digest::tests::a_structured_message_never_outranks_the_kind ... ok
test doctor::window::tests::a_window_that_would_overflow_is_refused_rather_than_wrapping ... ok
test doctor::window::tests::every_documented_unit_parses ... ok
test doctor::window::tests::a_bare_number_is_refused_because_the_unit_is_the_point ... ok
test doctor::window::tests::unknown_units_are_refused ... ok
test doctor::digest::tests::info_and_debug_never_reach_the_digest ... ok
test doctor::digest::tests::a_line_older_than_the_cutoff_is_not_in_the_window ... ok
test overlay_env::tests::an_empty_override_declares_nothing_rather_than_clearing ... ok
test doctor::digest::tests::long_samples_are_truncated_with_an_ellipsis ... ok
test overlay_env::tests::an_override_wins_over_the_process_value ... ok
test quickstart::endpoint::tests::a_cors_entry_that_is_not_a_bare_origin_is_refused ... ok
test quickstart::endpoint::tests::a_host_port_bind_yields_its_port_and_bare_or_out_of_range_text_does_not ... ok
test overlay_env::tests::the_base_home_directory_is_never_overridden ... ok
test quickstart::endpoint::tests::a_definition_that_says_nothing_about_the_bind_still_resolves_to_the_default ... ok
test quickstart::endpoint::tests::a_promotion_keeps_the_installed_worker_door_and_adds_the_local_origin ... ok
test quickstart::endpoint::tests::a_front_door_that_is_not_https_is_refused_before_anything_is_touched ... ok
test quickstart::endpoint::tests::an_install_that_declares_a_front_door_sends_the_browser_through_it ... ok
test quickstart::endpoint::tests::an_install_with_no_front_door_keeps_its_own_loopback_origin ... ok
kill: sending signal to 4194304 failed: No such process
test dev::signal::tests::a_pid_that_no_longer_exists_is_refused_rather_than_reported_as_sent ... ok
test quickstart::grant::tests::a_database_that_does_not_exist_is_refused_rather_than_created ... ok
test quickstart::grant::tests::the_digest_is_the_same_sha256_the_deploy_journal_owns ... ok
test quickstart::join::tests::a_debug_rendering_of_the_credentials_never_carries_the_grant ... ok
test quickstart::join::tests::a_missing_coordinator_url_is_named_on_its_own ... ok
test quickstart::join::tests::a_missing_grant_is_named_even_when_the_url_is_present ... ok
test quickstart::join::tests::a_variable_set_to_nothing_is_treated_as_missing ... ok
test quickstart::join::tests::the_armed_definition_carries_the_grant_and_the_decided_coordinator_url ... ok
test quickstart::join::tests::the_decided_map_carries_the_grant_and_declares_no_label_it_was_not_given ... ok
test services::deploy_journal::tests::a_digest_is_the_one_the_release_pipeline_signs_with ... ok
test overlay_env::tests::a_variable_nobody_overrode_still_comes_from_the_process ... ok
test services::deploy_journal::tests::a_first_install_records_an_absence_rather_than_an_empty_digest ... ok
test services::deploy_journal::tests::the_saved_copy_sits_beside_the_definition_it_replaces ... ok
test services::deploy_journal::tests::a_journal_round_trips_through_json_with_its_phase ... ok
test services::launchd_plist::tests::a_coordinator_url_keeps_its_ampersand ... ok
test services::launchd_plist::tests::a_quote_cannot_close_the_string_early ... ok
test doctor::window::tests::the_label_is_echoed_back_verbatim ... ok
test services::memory_limits::tests::a_large_host_stops_at_the_cap ... ok
test services::memory_limits::tests::a_tiny_host_keeps_the_floor_so_the_service_can_still_serve ... ok
test services::memory_limits::tests::a_whole_gibibyte_renders_as_g_and_a_fraction_as_m ... ok
test services::memory_limits::tests::an_undetectable_total_keeps_the_cap_instead_of_dividing_by_nothing ... ok
test services::memory_limits::tests::the_worker_has_no_hard_cap_and_the_coordinator_does ... ok
test services::service_argv::tests::a_hostile_label_stays_inside_a_launchd_job_spec ... ok
test services::service_argv::tests::a_job_that_was_never_loaded_does_not_fail_a_launchd_restart ... ok
test services::service_argv::tests::a_systemd_restart_is_one_argv_line_and_needs_no_shell ... ok
test services::systemd_syntax::tests::a_quoted_value_escapes_what_would_end_the_quoting ... ok
test services::service_argv::tests::launchd_reload_is_nothing_because_an_agent_is_read_at_bootstrap ... ok
test services::systemd_syntax::tests::a_raw_value_doubles_percent_and_refuses_to_forge_a_directive ... ok
test status::service_definition::tests::a_declared_but_empty_entry_declares_nothing ... ok
test status::service_definition::tests::only_install_keys_are_kept ... ok
test status::service_definition::tests::reads_a_launch_agent_pair_and_unescapes_xml ... ok
test services::systemd_syntax::tests::an_environment_line_keeps_the_equals_inside_the_quotes ... ok
test status::service_definition::tests::reads_a_quoted_systemd_entry ... ok
test status::service_definition::tests::reads_an_unquoted_systemd_entry ... ok
test status::service_definition::tests::systemd_escapes_unescape ... ok
test status::service_definition::tests::the_two_shapes_do_not_read_each_other ... ok
test status::service_probe::tests::a_unit_is_asked_for_by_the_file_name_it_was_installed_under ... ok
test status::update_state::tests::a_missing_sha_is_unknown_not_behind ... ok
test status::update_state::tests::a_reachable_machine_behind_the_coordinator_can_update ... ok
test status::update_state::tests::an_in_flight_deploy_outranks_every_sha_comparison ... ok
test status::update_state::tests::an_unreachable_machine_behind_is_deferred_rather_than_broken ... ok
test status::update_state::tests::every_state_has_a_distinct_wording ... ok
test status::update_state::tests::matching_shas_are_up_to_date ... ok
test utc_clock::tests::formats_a_leap_day ... ok
test utc_clock::tests::formats_the_epoch_itself ... ok
test utc_clock::tests::pads_every_field_to_two_digits ... ok
test wall_clock::tests::reads_a_plausible_epoch_millisecond_count ... ok
test status::service_probe::tests::a_program_that_does_not_exist_is_not_a_loaded_service ... ok
test quickstart::grant::tests::a_draw_is_ninety_six_bits_of_hex_and_is_not_repeated ... ok
test doctor::digest::tests::the_window_bounds_are_the_events_inside_it ... ok
test status::service_probe::tests::a_program_that_exits_zero_reports_its_code ... ok
test quickstart::grant::tests::a_minted_grant_is_stored_as_a_digest_and_the_bearer_is_the_only_live_copy ... ok
test quickstart::grant::tests::a_debug_rendering_never_carries_the_bearer ... ok
test quickstart::grant::tests::two_mints_are_two_distinct_bearers ... ok

test result: ok. 112 passed; 0 failed; 0 ignored; 0 measured; 0 filtered out; finished in 3.28s

     Running unittests src/main.rs (target-track/debug/deps/roost-fb6aef1d38ca68a4)

running 0 tests

test result: ok. 0 passed; 0 failed; 0 ignored; 0 measured; 0 filtered out; finished in 0.00s

     Running tests/add_machine_enrollment.rs (target-track/debug/deps/add_machine_enrollment-26e02c24c2191697)

running 8 tests
test a_declared_loopback_door_is_refused_because_another_machine_cannot_reach_it ... ok
test a_hostile_url_or_label_cannot_escape_its_quotes_into_the_shell ... ok
test the_printed_command_quotes_every_value_it_hands_the_shell ... ok
test a_machine_with_no_installed_coordinator_has_no_door_to_enrol_against ... ok
test an_unnamed_machine_gets_a_command_with_no_label_to_guess_at ... ok
test a_unit_that_declares_no_door_leaves_the_shell_as_the_only_remaining_source ... ok
test the_door_comes_from_the_installed_definition_and_the_shell_cannot_override_it ... ok
test windows_is_refused_at_the_argument_and_the_refusal_explains_why ... ok

test result: ok. 8 passed; 0 failed; 0 ignored; 0 measured; 0 filtered out; finished in 0.00s

     Running tests/agent_skill_document.rs (target-track/debug/deps/agent_skill_document-855bae3ef7351f21)

running 2 tests
test the_document_declares_its_name_and_when_to_use_it ... ok
test the_document_starts_by_proving_the_session_before_acting ... ok

test result: ok. 2 passed; 0 failed; 0 ignored; 0 measured; 0 filtered out; finished in 0.00s

     Running tests/api_coordinator_calls.rs (target-track/debug/deps/api_coordinator_calls-de0fdb30159a6b41)

running 10 tests
test a_coordinator_that_answers_nothing_is_reported_as_unreachable_not_as_empty ... ok
test no_readout_puts_the_credential_anywhere_near_stdout ... ok
test a_wait_reports_the_state_it_was_pinned_to_when_the_occupant_was_replaced ... ok
test a_wait_that_reaches_its_state_exits_zero_and_prints_that_state ... ok
test workers_reaches_the_generated_workers_list_method_and_reports_routability ... ok
test agent_status_json_is_exactly_one_parseable_document_and_nothing_else ... ok
test the_json_projection_publishes_the_fields_a_reader_parses ... ok
test sessions_reaches_the_generated_sessions_list_method ... ok
test a_wait_that_times_out_exits_one_and_names_the_state_it_was_still_in ... ok
test a_worker_the_coordinator_cannot_route_reads_offline_rather_than_online ... ok

test result: ok. 10 passed; 0 failed; 0 ignored; 0 measured; 0 filtered out; finished in 0.01s

     Running tests/api_verb_dispatch.rs (target-track/debug/deps/api_verb_dispatch-a55033691df54cc7)

running 5 tests
test every_registered_verb_has_a_usage_line_that_names_it ... ok
test the_clap_parser_takes_a_verb_and_its_arguments_without_eating_the_arguments ... ok
test a_verb_refuses_the_arguments_it_does_not_take_before_it_dials_anything ... ok
test no_verb_at_all_is_the_same_refusal_rather_than_a_shrug ... ok
test an_unknown_verb_exits_two_and_prints_every_verb_that_does_exist ... ok

test result: ok. 5 passed; 0 failed; 0 ignored; 0 measured; 0 filtered out; finished in 0.00s

     Running tests/command_contract_coverage.rs (target-track/debug/deps/command_contract_coverage-1d9efddb585ecbcc)

running 1 test
test every_subcommand_is_specified_in_the_contract_document ... ok

test result: ok. 1 passed; 0 failed; 0 ignored; 0 measured; 0 filtered out; finished in 0.01s

     Running tests/command_tree_shape.rs (target-track/debug/deps/command_tree_shape-57ef27b99a32ef50)

running 15 tests
test a_malformed_window_exits_two_and_not_one ... ok
test a_bare_deploy_is_a_complete_invocation ... ok
test a_bare_invocation_with_no_subcommand_is_a_usage_error ... ok
test test_profiles_are_the_documented_set ... ok
test the_destructive_flags_are_the_documented_spellings ... ok
test keeper_refresh_takes_yes_and_force_live ... ok
test logs_takes_one_of_two_apps_and_a_tail_count ... ok
test the_target_side_commands_are_hidden_but_still_addressable ... ok
test an_unknown_subcommand_is_refused_rather_than_guessed ... ok
test the_keeper_contract_probe_is_hidden_but_still_addressable ... ok
test doctor_defaults_to_a_day_and_takes_a_session ... ok
test deploy_takes_exactly_the_documented_flags ... ok
test status_takes_an_endpoint_override_and_defaults_to_nothing ... ok
test version_build_is_a_flag_and_not_a_positional ... ok
test every_documented_subcommand_parses_with_no_arguments ... ok

test result: ok. 15 passed; 0 failed; 0 ignored; 0 measured; 0 filtered out; finished in 0.02s

     Running tests/coord_inventory_query.rs (target-track/debug/deps/coord_inventory_query-ed0da134bc8c970a)

running 4 tests
test a_database_that_is_not_there_is_an_error_and_not_an_empty_fleet ... ok
test a_projection_that_does_not_parse_is_reported_as_absent ... ok
test a_coordinator_without_the_projection_columns_still_renders_its_roster ... ok
test reads_the_roster_and_derives_staleness_from_one_clock ... ok

test result: ok. 4 passed; 0 failed; 0 ignored; 0 measured; 0 filtered out; finished in 1.90s

     Running tests/daemon_boot_refusal.rs (target-track/debug/deps/daemon_boot_refusal-b72f74d575b5e02a)

running 6 tests
test a_half_declared_cloudflare_access_pair_is_refused_rather_than_ignored ... ok
test a_loopback_bind_is_accepted_and_reaches_the_config ... ok
test no_flag_means_the_installed_default_not_a_guess ... ok
test a_port_no_socket_can_hold_is_refused_when_the_bind_is_checked ... ok
test the_database_path_comes_from_the_loader_and_never_from_this_process ... ok
test a_trusting_proxy_on_a_non_loopback_bind_is_refused ... ok

test result: ok. 6 passed; 0 failed; 0 ignored; 0 measured; 0 filtered out; finished in 0.00s

     Running tests/deploy_coordinator_release.rs (target-track/debug/deps/deploy_coordinator_release-93435b9cd678c7cf)

running 5 tests
test a_checkout_that_is_not_the_installed_release_is_refused ... ok
test a_definition_that_stamps_no_build_is_refused ... ok
test an_installed_build_that_is_not_the_required_one_is_refused ... ok
test a_dirty_release_tree_is_refused ... ok
test a_detached_coordinator_release_at_its_installed_sha_is_admitted ... ok

test result: ok. 5 passed; 0 failed; 0 ignored; 0 measured; 0 filtered out; finished in 0.30s

     Running tests/deploy_installed_release.rs (target-track/debug/deps/deploy_installed_release-04ff13f3e8bf9114)

running 7 tests
test a_working_directory_is_read_raw ... ok
test facts_from_another_vocabulary_are_refused ... ok
test a_staged_prior_release_is_retired_without_being_a_worktree ... ok
test retirement_is_confined_to_the_release_root ... ok
test the_installed_launcher_finds_a_program_and_says_when_there_is_none ... ok
test the_installed_release_is_read_out_of_the_installed_definition ... ok
test the_reserved_exit_codes_are_distinct_and_named ... ok

test result: ok. 7 passed; 0 failed; 0 ignored; 0 measured; 0 filtered out; finished in 0.01s

     Running tests/deploy_keeper_admission.rs (target-track/debug/deps/deploy_keeper_admission-ce6ab01613c83eb0)

running 12 tests
test a_host_matches_on_any_name_the_operator_might_use ... ok
test a_keeper_holding_channels_refuses_even_with_the_worker_stopped ... ok
test a_permitted_staging_says_what_allowed_it ... ok
test a_stale_row_over_a_target_running_nothing_stages ... ok
test a_worker_that_reports_no_keeper_runtime_stages_without_an_update ... ok
test an_unknown_never_stages ... ok
test the_darwin_probe_distinguishes_an_unreachable_launchd ... ok
test the_empty_binding_digest_is_the_one_a_replace_may_be_proved_against ... ok
test a_keeper_socket_file_decides_nothing ... ok
test a_stale_row_over_a_running_worker_still_refuses ... ok
test the_evidence_probe_quotes_everything_it_interpolates ... ok
test a_stopped_worker_with_no_live_keeper_stages ... ok

test result: ok. 12 passed; 0 failed; 0 ignored; 0 measured; 0 filtered out; finished in 0.01s

     Running tests/deploy_keeper_classification.rs (target-track/debug/deps/deploy_keeper_classification-1029014dc4dd947c)

running 4 tests
test a_channel_count_the_coordinator_disagrees_with_is_unproven ... ok
test a_different_keeper_binary_is_unadoptable_only_while_it_holds_channels ... ok
test the_same_keeper_binary_is_preservable ... ok
test a_keeper_that_cannot_name_its_binary_is_unproven ... ok

test result: ok. 4 passed; 0 failed; 0 ignored; 0 measured; 0 filtered out; finished in 0.00s

     Running tests/deploy_machine_transaction.rs (target-track/debug/deps/deploy_machine_transaction-404bb0759804b4f2)

running 5 tests
test a_held_transaction_is_readable_from_another_connection ... ok
test a_second_take_is_refused_while_the_machine_is_held ... ok
test a_released_transaction_leaves_the_machine_idle ... ok
test the_kernel_lock_is_a_separate_file_from_the_record ... ok
test a_holder_that_goes_away_leaves_the_machine_free ... ok

test result: ok. 5 passed; 0 failed; 0 ignored; 0 measured; 0 filtered out; finished in 1.66s

     Running tests/deploy_release_build.rs (target-track/debug/deps/deploy_release_build-628ee6102a9fb4f7)

running 3 tests
test a_release_is_built_from_packages_that_exist_and_produce_its_programs ... ok
test the_release_is_read_from_wherever_cargo_actually_wrote_it ... ok
test a_release_is_only_the_two_programs_under_a_bin_directory ... ok

test result: ok. 3 passed; 0 failed; 0 ignored; 0 measured; 0 filtered out; finished in 0.23s

     Running tests/deploy_release_fetch.rs (target-track/debug/deps/deploy_release_fetch-40101c4c0d9381dd)

running 6 tests
test a_release_deploy_without_a_release_still_means_a_local_build ... ok
test a_release_is_refused_against_a_tag_that_is_not_one ... ok
test a_release_tag_and_a_local_build_identity_are_two_answers_to_one_question ... ok
test a_release_that_publishes_no_bundle_leaves_the_target_with_no_bundle ... ok
test a_release_deploy_installs_the_published_bytes_rather_than_anything_built_here ... ok
test a_release_that_publishes_a_bundle_stages_it_beside_the_binaries ... ok

test result: ok. 6 passed; 0 failed; 0 ignored; 0 measured; 0 filtered out; finished in 0.27s

     Running tests/deploy_release_path.rs (target-track/debug/deps/deploy_release_path-9a0cf05b5298ab85)

running 12 tests
test a_manifest_refuses_a_build_identity_that_is_not_one ... ok
test a_malformed_keeper_contract_is_refused ... ok
test a_report_with_no_explanation_is_refused ... ok
test a_reported_path_with_a_control_character_is_refused ... ok
test a_report_from_another_vocabulary_is_refused ... ok
test an_ssh_argv_cannot_be_smuggled_into_by_the_host ... ok
test reading_a_definition_that_may_not_exist_still_quotes_it ... ok
test the_staging_directory_is_outside_the_release_root ... ok
test the_facts_name_the_installed_program ... ok
test the_manifest_names_the_staging_path_and_not_an_install_path ... ok
test every_remote_command_carries_an_explicit_path ... ok
test a_release_digest_is_a_function_of_its_bytes_and_names ... ok

test result: ok. 12 passed; 0 failed; 0 ignored; 0 measured; 0 filtered out; finished in 0.00s

     Running tests/deploy_release_stage.rs (target-track/debug/deps/deploy_release_stage-73aed1879d278a43)

running 4 tests
test a_release_lands_when_the_destination_is_absent ... ok
test a_half_extracted_temporary_directory_does_not_contaminate_the_release ... ok
test a_destination_with_a_space_is_quoted_and_lands_intact ... ok
test a_re_deploy_replaces_the_destination_instead_of_nesting_inside_it ... ok

test result: ok. 4 passed; 0 failed; 0 ignored; 0 measured; 0 filtered out; finished in 0.06s

     Running tests/deploy_remote_identity.rs (target-track/debug/deps/deploy_remote_identity-06c5ed70e779a8f1)

running 7 tests
test a_deploy_never_carries_a_one_shot_grant_forward ... ok
test a_first_install_the_shell_is_authorized_for_carries_its_grant ... ok
test a_grant_this_deploy_was_given_reaches_the_definition ... ok
test an_unresolvable_identity_with_nothing_exported_is_allowed ... ok
test an_ambient_identity_export_refuses_and_names_the_flag ... ok
test every_value_a_deploy_composes_can_reach_a_definition ... ok
test an_identity_key_never_resolves_from_the_deploying_shell ... ok

test result: ok. 7 passed; 0 failed; 0 ignored; 0 measured; 0 filtered out; finished in 0.00s

     Running tests/dev_fan_out.rs (target-track/debug/deps/dev_fan_out-3af0f7e6fccceb24)

running 6 tests
test the_strict_probe_refuses_a_child_that_never_beat ... ok
test a_child_that_ignores_the_signal_is_killed_after_the_grace ... ok
test a_server_that_exits_alone_takes_the_other_two_with_it ... ok
test a_sigint_reaches_every_child_and_none_outlives_the_command ... ok
test a_signal_sent_to_a_child_that_reported_itself_is_handled_by_that_child ... ok
test a_server_that_cannot_start_names_itself_and_stops_what_already_ran ... ok

test result: ok. 6 passed; 0 failed; 0 ignored; 0 measured; 0 filtered out; finished in 5.38s

     Running tests/dev_stack_plan.rs (target-track/debug/deps/dev_stack_plan-1d49ef198cd2a0c2)

running 5 tests
test a_configuration_the_loader_refuses_stops_the_command_before_anything_starts ... ok
test an_operator_declared_bind_is_the_one_both_servers_agree_on ... ok
test resolving_a_dev_boot_exports_nothing_into_this_process ... ok
test the_web_server_is_the_dioxus_cli_on_the_workspace_member ... ok
test the_dev_worker_dials_the_coordinator_the_loader_resolved ... ok

test result: ok. 5 passed; 0 failed; 0 ignored; 0 measured; 0 filtered out; finished in 0.00s

     Running tests/doctor_digest_shape.rs (target-track/debug/deps/doctor_digest_shape-ed317a80b10bf807)

running 10 tests
test a_structured_message_never_splits_one_kind_into_two_groups ... ok
test an_empty_window_says_so_rather_than_printing_a_bare_heading ... ok
test a_keeper_subprocess_signal_is_attributed_to_the_keeper ... ok
test any_signal_or_error_level_line_exits_one_and_routine_infra_exits_zero ... ok
test error_kinds_wear_the_red_icon_and_the_rest_wear_the_warning ... ok
test groups_signals_by_kind_rolls_up_sub_kinds_and_counts_sessions ... ok
test infra_warnings_split_out_from_signals_and_count_by_target_and_message ... ok
test lines_older_than_the_cutoff_and_below_warn_are_dropped ... ok
test an_operator_caused_capture_lifecycle_is_listed_but_does_not_trip_the_exit ... ok
test the_whole_digest_is_the_documented_text ... ok

test result: ok. 10 passed; 0 failed; 0 ignored; 0 measured; 0 filtered out; finished in 0.00s

     Running tests/import_v2_copy.rs (target-track/debug/deps/import_v2_copy-032c416375216469)

running 9 tests
test a_running_coordinator_is_the_only_state_that_refuses_the_import ... ok
test a_dry_run_does_not_migrate_a_target_that_is_already_there ... ok
test the_source_cannot_be_written_through_the_import ... ok
test a_first_run_carries_the_browser_and_leaves_the_machines_behind ... ok
test a_dry_run_writes_nothing_and_reports_what_a_real_run_would_do ... ok
test a_target_belonging_to_another_install_is_refused ... ok
test a_target_that_is_not_a_v3_install_is_refused_without_naming_an_account ... ok
test a_re_run_carries_a_browser_paired_later_and_overwrites_nothing ... ok
test a_re_run_revokes_a_key_the_target_still_holds ... ok

test result: ok. 9 passed; 0 failed; 0 ignored; 0 measured; 0 filtered out; finished in 17.06s

     Running tests/import_v2_plan.rs (target-track/debug/deps/import_v2_plan-dee3e956bc80e8a3)

running 10 tests
test a_re_run_edits_nothing_v3_owns_and_applies_every_revocation ... ok
test a_target_holding_another_install_is_refused_by_name ... ok
test a_target_that_is_not_a_v3_install_is_refused_rather_than_merged_into ... ok
test an_empty_target_is_a_first_run_and_a_matching_account_is_a_refresh ... ok
test every_copied_table_is_copied_after_everything_it_references ... ok
test every_statement_names_the_database_it_means ... ok
test every_table_is_matched_on_its_real_primary_key ... ok
test only_the_keys_table_filters_and_every_statement_about_it_applies_the_filter ... ok
test the_column_list_is_read_from_the_target_and_the_copy_names_both_schemas ... ok
test the_filter_is_the_same_predicate_aliased_and_unaliased ... ok

test result: ok. 10 passed; 0 failed; 0 ignored; 0 measured; 0 filtered out; finished in 0.00s

     Running tests/join_enrollment.rs (target-track/debug/deps/join_enrollment-dcdeac070a1b89c3)

running 8 tests
test a_credentials_debug_rendering_carries_the_url_but_never_the_grant ... ok
test a_join_with_a_url_but_no_grant_names_the_grant ... ok
test a_join_with_both_variables_carries_exactly_what_it_was_given ... ok
test a_join_with_neither_variable_names_the_coordinator_url_first ... ok
test a_named_source_root_is_the_tree_the_identity_is_proved_against ... ok
test a_dry_run_renders_a_worker_definition_with_a_named_placeholder_and_no_real_grant ... ok
test a_clean_checkout_is_accepted_and_its_commit_is_the_identity ... ok
test a_dirty_checkout_is_refused_with_the_reserved_code_and_names_the_escape_hatch ... ok

test result: ok. 8 passed; 0 failed; 0 ignored; 0 measured; 0 filtered out; finished in 0.03s

     Running tests/push_fleet_plan.rs (target-track/debug/deps/push_fleet_plan-131859363860f8c9)

running 10 tests
test a_deferred_machine_is_reported_beside_a_success_and_is_never_counted_as_converged ... ok
test a_fingerprint_that_two_rows_claim_is_refused_before_a_single_target_is_chosen ... ok
test a_machine_whose_address_is_not_a_safe_ssh_target_stops_the_push_before_anything ... ok
test a_deferred_machine_reporting_either_end_of_the_rollout_is_not_a_finding ... ok
test a_push_with_no_registered_worker_refuses_rather_than_reporting_an_empty_success ... ok
test a_name_that_matches_two_machines_is_refused_rather_than_guessed ... ok
test a_machine_that_cannot_be_converged_now_is_deferred_and_not_counted_as_a_participant ... ok
test a_registry_fingerprint_that_is_not_a_full_identity_refuses_the_whole_push ... ok
test a_rollback_that_finds_a_machine_on_a_third_commit_names_it ... ok
test an_address_ssh_could_be_handed_is_refused_instead_of_quoted_and_hoped_for ... ok

test result: ok. 10 passed; 0 failed; 0 ignored; 0 measured; 0 filtered out; finished in 0.00s

     Running tests/push_fleet_rollback.rs (target-track/debug/deps/push_fleet_rollback-1a479eda346c6fa5)

running 7 tests
test a_failure_before_the_decision_moves_every_machine_back_and_keeps_the_rollback_point ... ok
test a_decision_that_could_not_be_recorded_is_not_rolled_back_when_the_coordinator_is_gone ... ok
test a_failure_after_the_decision_exits_eight_and_never_attempts_a_rollback ... ok
test a_decision_that_could_not_be_recorded_is_rolled_back_while_the_coordinator_can_still_go_back ... ok
test a_fleet_that_converges_commits_the_decision_before_it_touches_a_machine_again ... ok
test an_interrupted_transaction_is_resumed_only_when_it_is_the_same_rollout ... ok
test the_journal_records_the_participants_and_loses_the_rollback_point_only_on_settlement ... ok

test result: ok. 7 passed; 0 failed; 0 ignored; 0 measured; 0 filtered out; finished in 0.00s

     Running tests/push_keeper_admission.rs (target-track/debug/deps/push_keeper_admission-896c81f527be1b2e)

running 8 tests
test a_machine_whose_target_contract_could_not_be_proved_is_deferred_before_it_is_touched ... ok
test a_different_keeper_binary_on_a_provably_empty_keeper_is_a_replace_not_a_refusal ... ok
test a_different_keeper_binary_with_live_sessions_is_deferred_with_the_way_out ... ok
test a_machine_with_no_keeper_observation_is_deferred_as_unproven_and_never_guessed_at ... ok
test a_rollback_is_proved_against_the_keeper_that_is_running_now ... ok
test a_registry_row_that_no_longer_resolves_to_one_machine_is_deferred_rather_than_matched ... ok
test one_unadoptable_keeper_defers_only_its_own_machine_and_leaves_the_fleet_rolling ... ok
test the_same_keeper_binary_is_carried_across_and_the_machine_is_a_participant ... ok

test result: ok. 8 passed; 0 failed; 0 ignored; 0 measured; 0 filtered out; finished in 0.00s

     Running tests/quickstart_dry_run.rs (target-track/debug/deps/quickstart_dry_run-b945749f369d59cf)

running 5 tests
test a_dry_run_resolves_both_services_on_a_machine_with_nothing_installed ... ok
test a_dry_run_renders_the_definitions_a_real_run_would_install ... ok
test the_dry_run_definition_is_the_text_the_install_would_write ... ok
test a_dry_run_of_a_rerun_keeps_the_installed_front_door ... ok
test a_dry_run_changes_nothing_on_disk ... ok

test result: ok. 5 passed; 0 failed; 0 ignored; 0 measured; 0 filtered out; finished in 0.00s

     Running tests/quickstart_web_bundle.rs (target-track/debug/deps/quickstart_web_bundle-4e1290d817a5c068)

running 2 tests
test a_dry_run_without_a_bundle_leaves_each_definition_saying_nothing_is_served ... ok
test a_dry_run_names_the_bundle_in_both_definitions_and_copies_nothing ... ok

test result: ok. 2 passed; 0 failed; 0 ignored; 0 measured; 0 filtered out; finished in 0.00s

     Running tests/self_link_repair.rs (target-track/debug/deps/self_link_repair-f05df0420bf02c63)

running 6 tests
test a_release_that_is_not_installed_is_refused_by_the_path_it_looked_for ... ok
test a_directory_is_refused_and_still_there ... ok
test a_broken_link_is_repaired_and_reported_as_having_had_no_target ... ok
test a_real_file_is_refused_and_its_contents_are_untouched ... ok
test a_missing_link_is_created_and_a_second_run_changes_nothing ... ok
test a_link_that_still_points_at_an_older_install_is_repointed_and_the_old_target_is_said ... ok

test result: ok. 6 passed; 0 failed; 0 ignored; 0 measured; 0 filtered out; finished in 0.00s

     Running tests/services_definition_text.rs (target-track/debug/deps/services_definition_text-e35bb7694b6cc206)

running 11 tests
test a_definition_carries_the_resolved_paths_rather_than_relying_on_defaults ... ok
test a_decided_one_shot_reaches_the_rendered_definition ... ok
test a_one_shot_grant_is_never_carried_into_a_definition ... ok
test a_chosen_worker_label_reaches_the_rendered_definition ... ok
test a_relative_program_is_refused_for_both_formats ... ok
test the_modes_an_install_writes_are_the_ones_a_service_manager_can_use ... ok
test the_linux_worker_unit_keeps_its_keeper_out_of_the_cgroup_kill ... ok
test the_macos_worker_plist_names_the_worker_subcommand ... ok
test the_linux_coordinator_unit_names_its_binary_its_paths_and_its_limits ... ok
test the_macos_coordinator_plist_is_a_whole_property_list ... ok
test a_linux_unit_is_accepted_by_systemd_itself_when_the_tool_is_present ... ok

test result: ok. 11 passed; 0 failed; 0 ignored; 0 measured; 0 filtered out; finished in 0.07s

     Running tests/services_deploy_first_install.rs (target-track/debug/deps/services_deploy_first_install-155ca306410899e8)

running 2 tests
test a_first_install_that_comes_up_reports_an_absence_and_keeps_nothing_to_restore ... ok
test a_first_install_that_does_not_come_up_removes_what_it_installed ... ok

test result: ok. 2 passed; 0 failed; 0 ignored; 0 measured; 0 filtered out; finished in 0.00s

     Running tests/services_deploy_recovery.rs (target-track/debug/deps/services_deploy_recovery-8e70c9d99b4edeb4)

running 2 tests
test a_journal_whose_shape_this_build_does_not_know_is_refused_rather_than_ignored ... ok
test a_deploy_left_in_flight_is_resolved_before_the_next_one_starts ... ok

test result: ok. 2 passed; 0 failed; 0 ignored; 0 measured; 0 filtered out; finished in 0.00s

     Running tests/services_deploy_rollback.rs (target-track/debug/deps/services_deploy_rollback-28ca57a4eef3011b)

running 3 tests
test a_deploy_refuses_when_the_installed_unit_cannot_be_read ... ok
test a_deploy_that_comes_up_settles_and_reports_what_it_replaced ... ok
test a_deploy_that_does_not_come_up_puts_the_previous_unit_back_byte_for_byte ... ok

test result: ok. 3 passed; 0 failed; 0 ignored; 0 measured; 0 filtered out; finished in 0.01s

     Running tests/services_install_idempotence.rs (target-track/debug/deps/services_install_idempotence-ab4b78ce7e769955)

running 4 tests
test the_directories_a_service_needs_are_created_before_the_first_definition ... ok
test a_new_release_replaces_the_old_one_in_place_rather_than_adding_a_second ... ok
test a_third_install_after_a_damaged_unit_repairs_it_rather_than_skipping_it ... ok
test installing_the_same_release_twice_changes_nothing_on_disk ... ok

test result: ok. 4 passed; 0 failed; 0 ignored; 0 measured; 0 filtered out; finished in 0.00s

     Running tests/services_logrotate.rs (target-track/debug/deps/services_logrotate-6b463d581bba788e)

running 11 tests
test a_machine_with_no_home_is_refused_by_name ... ok
test a_macos_account_installs_nothing_and_says_why ... ok
test an_entry_rotates_exactly_the_two_files_the_unit_appends_to ... ok
test a_role_owns_one_entry_and_the_pair_of_units_is_shared ... ok
test the_oneshot_names_the_program_the_ledger_and_the_directory ... ok
test the_rotation_conf_directory_ignores_xdg_config_home_because_v2_does ... ok
test the_state_root_follows_xdg_state_home_and_a_blank_one_falls_back ... ok
test the_timer_survives_a_machine_that_was_asleep_at_midnight ... ok
test the_two_skips_name_different_problems ... ok
test the_units_land_in_the_directory_systemd_reads_user_units_from ... ok
test the_probe_takes_the_first_candidate_that_is_there_and_reports_none_when_none_is ... ok

test result: ok. 11 passed; 0 failed; 0 ignored; 0 measured; 0 filtered out; finished in 0.00s

     Running tests/services_web_bundle.rs (target-track/debug/deps/services_web_bundle-ef1931989b73d8ad)

running 8 tests
test the_bundle_is_the_release_directory_sibling_of_bin ... ok
test a_directory_without_an_index_is_not_a_bundle_and_the_refusal_names_it ... ok
test the_keeper_asset_is_the_roost_name_with_the_program_substituted_once ... ok
test retiring_a_release_retires_its_bundle_with_it ... ok
test a_refused_install_leaves_the_previous_bundle_serving ... ok
test an_install_replaces_rather_than_merges_so_a_stale_asset_cannot_survive ... ok
test an_archive_with_no_index_anywhere_is_refused_rather_than_guessed_at ... ok
test a_release_tarball_installs_from_either_layout_the_pipeline_might_emit ... ok

test result: ok. 8 passed; 0 failed; 0 ignored; 0 measured; 0 filtered out; finished in 0.02s

     Running tests/status_output_shape.rs (target-track/debug/deps/status_output_shape-52353457f2f3532f)

running 13 tests
test a_404_root_names_which_of_its_three_causes_applies ... ok
test a_declared_front_door_that_does_not_answer_fails_the_gate_and_names_the_remedy ... ok
test a_machine_with_neither_service_loaded_names_both_remedies ... ok
test a_reachable_worker_behind_the_coordinator_has_an_update_available ... ok
test a_keeper_runtime_and_a_capacity_report_print_on_their_own_lines ... ok
test a_stale_worker_behind_the_coordinator_is_deferred_and_the_install_is_still_healthy ... ok
test a_worker_on_the_coordinators_sha_is_up_to_date ... ok
test a_worker_that_reported_no_sha_prints_the_unknown_label_and_no_sha ... ok
test a_worker_with_no_keeper_observation_says_admission_is_unproven ... ok
test an_undeclared_front_door_prints_as_local_only_and_passes_the_gate ... ok
test an_unprobed_spa_is_neither_a_pass_nor_a_failure ... ok
test an_unreachable_coordinator_cannot_classify_any_worker ... ok
test the_whole_readout_is_the_documented_text ... ok

test result: ok. 13 passed; 0 failed; 0 ignored; 0 measured; 0 filtered out; finished in 0.00s

     Running tests/update_keeper_gate.rs (target-track/debug/deps/update_keeper_gate-75b937ec6de71a45)

running 7 tests
test a_candidate_that_cannot_be_asked_is_refused_rather_than_assumed ... ok
test a_candidate_contract_of_the_wrong_shape_is_refused ... ok
test a_keeper_that_would_have_to_be_replaced_stops_the_update ... ok
test a_keeper_the_candidate_can_preserve_lets_the_swap_through ... ok
test a_live_keeper_the_candidate_cannot_preserve_stops_the_update ... ok
test a_keeper_the_coordinator_cannot_prove_stops_the_update ... ok
test the_candidate_is_interrogated_by_running_it_not_ask_the_installed_one ... ok

test result: ok. 7 passed; 0 failed; 0 ignored; 0 measured; 0 filtered out; finished in 30.38s

     Running tests/update_recovery.rs (target-track/debug/deps/update_recovery-11e34ac3f6447274)

running 6 tests
test a_machine_with_no_journal_has_nothing_in_flight ... ok
test a_journal_of_an_unknown_schema_is_refused_rather_than_ignored ... ok
test a_binary_that_is_neither_copy_this_update_names_is_left_alone ... ok
test a_swap_that_had_not_reached_the_rename_is_cleared_and_its_copy_retired ... ok
test a_swap_whose_rename_landed_is_committed_and_its_copy_retired ... ok
test rolling_back_restores_the_previous_binary_and_clears_the_journal ... ok

test result: ok. 6 passed; 0 failed; 0 ignored; 0 measured; 0 filtered out; finished in 0.00s

     Running tests/update_release_decision.rs (target-track/debug/deps/update_release_decision-cbd574670903c5ff)

running 11 tests
test a_binary_already_on_the_published_release_has_nothing_to_do ... ok
test a_binary_behind_the_published_release_has_an_update ... ok
test a_configured_mirror_replaces_the_github_origin ... ok
test a_digest_sidecar_verifies_in_every_shape_a_mirror_writes_it ... ok
test a_listing_that_named_no_release_is_never_an_update ... ok
test an_architecture_no_release_publishes_is_refused_by_name ... ok
test each_platform_and_architecture_resolves_the_asset_the_release_publishes ... ok
test only_a_v3_tag_is_installable ... ok
test something_that_is_not_a_release_version_is_refused_rather_than_compared ... ok
test the_fleet_wording_and_the_self_update_wording_are_two_different_sentences ... ok
test the_listing_and_the_download_name_the_same_repository ... ok

test result: ok. 11 passed; 0 failed; 0 ignored; 0 measured; 0 filtered out; finished in 0.00s

     Running tests/update_replace_bytes.rs (target-track/debug/deps/update_replace_bytes-61030c82614c8c89)

running 3 tests
test a_swap_that_fails_leaves_the_installed_binary_byte_identical_and_a_journal ... ok
test a_replace_leaves_the_running_image_reading_the_bytes_it_started_with ... ok
test a_successful_replace_installs_the_published_bytes_and_the_executable_mode ... ok

test result: ok. 3 passed; 0 failed; 0 ignored; 0 measured; 0 filtered out; finished in 0.01s

     Running tests/update_self_replace.rs (target-track/debug/deps/update_self_replace-76eb55c8ed070b8c)

running 4 tests
test a_truncated_retained_copy_is_never_installed_back ... ok
test a_candidate_that_is_not_what_the_release_published_is_refused ... ok
test a_swap_with_no_keeper_decision_recorded_is_refused ... ok
test a_successful_replace_leaves_no_temporary_file_beside_the_target ... ok

test result: ok. 4 passed; 0 failed; 0 ignored; 0 measured; 0 filtered out; finished in 0.00s

   Doc-tests roost_cli

running 0 tests

test result: ok. 0 passed; 0 failed; 0 ignored; 0 measured; 0 filtered out; finished in 0.00s

